../Core/Src/bootloader.c:48:11:BL_UART_Featch_Host_Command	16	static
../Core/Src/bootloader.c:152:16:Bootloader_CRC_Verify	40	static
../Core/Src/bootloader.c:174:13:Bootloader_Send_ACK	24	static
../Core/Src/bootloader.c:181:13:Bootloader_Send_NACK	16	static
../Core/Src/bootloader.c:186:13:Bootloader_Send_Data_To_Host	16	static
../Core/Src/bootloader.c:190:13:Bootloader_Get_Version	32	static
../Core/Src/bootloader.c:220:13:Bootloader_Get_Help	32	static
../Core/Src/bootloader.c:248:13:Bootloader_Get_Chip_Identification_Number	16	static
../Core/Src/bootloader.c:251:13:Bootloader_Read_Protection_Level	16	static
../Core/Src/bootloader.c:254:13:Bootloader_Jump_To_Address	16	static
../Core/Src/bootloader.c:257:13:Bootloader_Erase_Flash	16	static
../Core/Src/bootloader.c:260:13:Bootloader_Memory_Write	16	static
../Core/Src/bootloader.c:263:13:Bootloader_Enable_RW_Protection	16	static
../Core/Src/bootloader.c:266:13:Bootloader_Memory_Read	16	static
../Core/Src/bootloader.c:269:13:Bootloader_Get_Sector_Protection_Status	16	static
../Core/Src/bootloader.c:272:13:Bootloader_Read_OTP	16	static
../Core/Src/bootloader.c:275:13:Bootloader_Disable_RW_Protection	16	static
../Core/Src/bootloader.c:279:6:BL_print_message	112	static
