../Core/Src/bootloader.c:35:11:BL_UART_Featch_Host_Command	16	static
../Core/Src/bootloader.c:140:16:Bootloader_CRC_Verify	40	static
../Core/Src/bootloader.c:162:13:Bootloader_Send_ACK	24	static
../Core/Src/bootloader.c:169:13:Bootloader_Send_NACK	16	static
../Core/Src/bootloader.c:174:13:Bootloader_Send_Data_To_Host	16	static
../Core/Src/bootloader.c:178:13:Bootloader_Get_Version	32	static
../Core/Src/bootloader.c:196:13:Bootloader_Get_Help	16	static
../Core/Src/bootloader.c:199:13:Bootloader_Get_Chip_Identification_Number	16	static
../Core/Src/bootloader.c:202:13:Bootloader_Read_Protection_Level	16	static
../Core/Src/bootloader.c:205:13:Bootloader_Jump_To_Address	16	static
../Core/Src/bootloader.c:208:13:Bootloader_Erase_Flash	16	static
../Core/Src/bootloader.c:211:13:Bootloader_Memory_Write	16	static
../Core/Src/bootloader.c:214:13:Bootloader_Enable_RW_Protection	16	static
../Core/Src/bootloader.c:217:13:Bootloader_Memory_Read	16	static
../Core/Src/bootloader.c:220:13:Bootloader_Get_Sector_Protection_Status	16	static
../Core/Src/bootloader.c:223:13:Bootloader_Read_OTP	16	static
../Core/Src/bootloader.c:226:13:Bootloader_Disable_RW_Protection	16	static
../Core/Src/bootloader.c:230:6:BL_print_message	112	static
