../Core/Src/bootloader.c:58:11:BL_UART_Featch_Host_Command	16	static
../Core/Src/bootloader.c:165:13:Bootloader_Jump_to_user_app	24	static,ignoring_inline_asm
../Core/Src/bootloader.c:193:16:Host_Jump_Address_Verification	24	static
../Core/Src/bootloader.c:212:16:Bootloader_CRC_Verify	40	static
../Core/Src/bootloader.c:238:13:Bootloader_Send_ACK	24	static
../Core/Src/bootloader.c:248:13:Bootloader_Send_NACK	16	static
../Core/Src/bootloader.c:258:13:Bootloader_Send_Data_To_Host	16	static
../Core/Src/bootloader.c:266:13:Bootloader_Get_Version	32	static
../Core/Src/bootloader.c:301:13:Bootloader_Get_Help	32	static
../Core/Src/bootloader.c:334:13:Bootloader_Get_Chip_Identification_Number	32	static
../Core/Src/bootloader.c:370:13:Bootloader_Read_Protection_Level	16	static
../Core/Src/bootloader.c:378:13:Bootloader_Jump_To_Address	40	static
../Core/Src/bootloader.c:444:13:Bootloader_Erase_Flash	32	static
../Core/Src/bootloader.c:501:13:Bootloader_Memory_Write	16	static
../Core/Src/bootloader.c:509:13:Bootloader_Enable_RW_Protection	16	static
../Core/Src/bootloader.c:517:13:Bootloader_Memory_Read	16	static
../Core/Src/bootloader.c:525:13:Bootloader_Get_Sector_Protection_Status	16	static
../Core/Src/bootloader.c:533:13:Bootloader_Read_OTP	16	static
../Core/Src/bootloader.c:541:13:Bootloader_Disable_RW_Protection	16	static
../Core/Src/bootloader.c:545:16:perform_Flash_Erase	48	static
../Core/Src/bootloader.c:619:6:BL_print_message	112	static
